2026-08-14T01:31:40Z  GET https://digitalcontent.leapfrog.com/packages/0x0018004F/MULT-0x0018004F-000006.lf2  404
2026-08-14T01:31:40Z  GET https://digitalcontent.leapfrog.com/packages/0x0018004F/MULT-0x0018004F-100000.lf2  404
2026-08-14T01:37:35Z  GET https://digitalcontent.leapfrog.com/packages/0x00240029/MULT-0x00240029-000001.lf2  404
2026-08-14T01:37:35Z  GET https://digitalcontent.leapfrog.com/packages/0x00240029/MULT-0x00240029-100000.lf2  404
2026-08-14T01:37:36Z  GET https://digitalcontent.leapfrog.com/packages/0x00240029/MULT-0x00240029-999999.lf2  404
2026-08-14T01:38:42Z  GET https://digitalcontent.leapfrog.com/packages/0x00180015/MULT-0x00180015-000001.lf2  404
2026-08-14T01:38:43Z  GET https://digitalcontent.leapfrog.com/packages/0x00180015/MULT-0x00180015-100000.lf2  404
2026-08-14T01:38:43Z  GET https://digitalcontent.leapfrog.com/packages/0x00180015/MULT-0x00180015-999999.lf2  200 372 bytes
2026-08-14T01:40:29Z  GET https://digitalcontent.leapfrog.com/packages/0x00180015/MULT-0x00180015-000001.lf2  404
2026-08-14T01:40:29Z  GET https://digitalcontent.leapfrog.com/packages/0x00180015/MULT-0x00180015-100000.lf2  404
2026-08-14T01:40:52Z  GET https://digitalcontent.leapfrog.com/packages/0x00180015/MULT-0x00180015-000001.lf2  404
2026-08-14T01:40:52Z  GET https://digitalcontent.leapfrog.com/packages/0x00180015/MULT-0x00180015-100000.lf2  404
2026-08-14T01:41:09Z  GET https://digitalcontent.leapfrog.com/packages/0x00240034/MULT-0x00240034-000001.lf2  404
2026-08-14T01:41:10Z  GET https://digitalcontent.leapfrog.com/packages/0x00240034/MULT-0x00240034-100000.lf2  404
2026-08-14T01:41:10Z  GET https://digitalcontent.leapfrog.com/packages/0x00240034/MULT-0x00240034-999999.lf2  404
2026-08-14T01:44:50Z  GET https://digitalcontent.leapfrog.com/packages/0x00180015/MULT-0x00180015-003002.lf2  404
2026-08-14T01:44:51Z  GET https://digitalcontent.leapfrog.com/packages/0x00180015/LPAD-0x00180015-003001.lf2  404
2026-08-14T01:44:52Z  GET https://digitalcontent.leapfrog.com/packages/0x00180015/LPAD-0x00180015-003002.lf2  404
2026-08-14T01:44:53Z  GET https://digitalcontent.leapfrog.com/packages/0x00180015/MULT-0x00180015-003001.lf2  200 5284320 bytes
2026-08-14T01:48:00Z  GET https://digitalcontent.leapfrog.com/packages/0x00180015/MULT-0x00180015-000001.lf2  404
2026-08-14T01:48:00Z  GET https://digitalcontent.leapfrog.com/packages/0x00180015/MULT-0x00180015-003001.lf2  200 5284320 bytes
2026-08-14T01:48:01Z  GET https://digitalcontent.leapfrog.com/packages/0x00180015/MULT-0x00180015-003002.lf2  404
2026-08-14T01:48:02Z  GET https://digitalcontent.leapfrog.com/packages/0x00180015/MULT-0x00180015-003003.lf2  404
2026-08-14T01:48:02Z  GET https://digitalcontent.leapfrog.com/packages/0x00180015/MULT-0x00180015-003004.lf2  404
2026-08-14T01:48:03Z  GET https://digitalcontent.leapfrog.com/packages/0x00180015/MULT-0x00180015-004001.lf2  404
2026-08-14T01:48:04Z  GET https://digitalcontent.leapfrog.com/packages/0x00180015/MULT-0x00180015-100000.lf2  404
2026-08-14T01:48:04Z  GET https://digitalcontent.leapfrog.com/packages/0x00180015/MULT-0x00180015-200000.lf2  404
2026-08-14T01:48:05Z  GET https://digitalcontent.leapfrog.com/packages/0x00180015/MULT-0x00180015-300000.lf2  404
2026-08-14T01:48:05Z  GET https://digitalcontent.leapfrog.com/packages/0x00180015/MULT-0x00180015-900000.lf2  404
2026-08-14T01:58:00Z  GET https://digitalcontent.leapfrog.com/packages/0x00180015/MULT-0x00180015-000001.lf2  404
2026-08-14T01:58:01Z  GET https://digitalcontent.leapfrog.com/packages/0x00180015/MULT-0x00180015-003002.lf2  404
2026-08-14T01:58:02Z  GET https://digitalcontent.leapfrog.com/packages/0x00180015/MULT-0x00180015-003003.lf2  404
2026-08-14T01:58:03Z  GET https://digitalcontent.leapfrog.com/packages/0x00180015/MULT-0x00180015-003004.lf2  404
2026-08-14T01:58:03Z  GET https://digitalcontent.leapfrog.com/packages/0x00180015/MULT-0x00180015-004001.lf2  404
2026-08-14T01:58:04Z  GET https://digitalcontent.leapfrog.com/packages/0x00180015/MULT-0x00180015-100000.lf2  404
2026-08-14T01:58:04Z  GET https://digitalcontent.leapfrog.com/packages/0x00180015/MULT-0x00180015-200000.lf2  404
2026-08-14T01:58:05Z  GET https://digitalcontent.leapfrog.com/packages/0x00180015/MULT-0x00180015-300000.lf2  404
2026-08-14T01:58:05Z  GET https://digitalcontent.leapfrog.com/packages/0x00180015/MULT-0x00180015-900000.lf2  404
2026-08-14T02:12:19Z  GET https://digitalcontent.leapfrog.com/packages/0x00180015/MULT-0x00180015-000001.lf2  404
2026-08-14T02:12:20Z  GET https://digitalcontent.leapfrog.com/packages/0x00180015/MULT-0x00180015-003002.lf2  404
2026-08-14T02:12:21Z  GET https://digitalcontent.leapfrog.com/packages/0x00180015/MULT-0x00180015-003003.lf2  404
2026-08-14T02:12:22Z  GET https://digitalcontent.leapfrog.com/packages/0x00180015/MULT-0x00180015-003004.lf2  404
2026-08-14T02:12:22Z  GET https://digitalcontent.leapfrog.com/packages/0x00180015/MULT-0x00180015-004001.lf2  404
2026-08-14T02:12:23Z  GET https://digitalcontent.leapfrog.com/packages/0x00180015/MULT-0x00180015-100000.lf2  404
2026-08-14T02:12:23Z  GET https://digitalcontent.leapfrog.com/packages/0x00180015/MULT-0x00180015-200000.lf2  404
2026-08-14T02:12:24Z  GET https://digitalcontent.leapfrog.com/packages/0x00180015/MULT-0x00180015-300000.lf2  404
2026-08-14T02:12:24Z  GET https://digitalcontent.leapfrog.com/packages/0x00180015/MULT-0x00180015-900000.lf2  404
2026-08-14T23:45:10Z  GET https://digitalcontent.leapfrog.com/packages/0x00180025/MULT-0x00180025-100000.lf2  200 419 bytes
2026-08-14T23:45:10Z  GET https://digitalcontent.leapfrog.com/packages/0x00180025/LPAD-0x00180025-100000.lf2  404
2026-08-14T23:45:11Z  GET https://digitalcontent.leapfrog.com/packages/0x00180025/LST3-0x00180025-100000.lf2  404
2026-08-15T02:44:42Z  GET https://digitalcontent.leapfrog.com/packages/0x00180025/MULT-0x00180025-000004.lf2  404
2026-08-15T02:44:42Z  GET https://digitalcontent.leapfrog.com/packages/0x00180025/MULT-0x00180025-000005.lf2  404
2026-08-15T02:44:43Z  GET https://digitalcontent.leapfrog.com/packages/0x00180025/MULT-0x00180025-000006.lf2  404
2026-08-15T02:44:44Z  GET https://digitalcontent.leapfrog.com/packages/0x00180025/MULT-0x00180025-003001.lf2  404
2026-08-15T02:44:44Z  GET https://digitalcontent.leapfrog.com/packages/0x00180025/MULT-0x00180025-004001.lf2  404
2026-08-15T02:44:45Z  GET https://digitalcontent.leapfrog.com/packages/0x00180025/MULT-0x00180025-100001.lf2  404
2026-08-15T02:44:45Z  GET https://digitalcontent.leapfrog.com/packages/0x00180025/MULT-0x00180025-100002.lf2  404
2026-08-15T02:44:46Z  GET https://digitalcontent.leapfrog.com/packages/0x00180025/MULT-0x00180025-100003.lf2  404
2026-08-15T02:44:47Z  GET https://digitalcontent.leapfrog.com/packages/0x00180025/MULT-0x00180025-200000.lf2  404
2026-08-15T02:44:47Z  GET https://digitalcontent.leapfrog.com/packages/0x00180025/MULT-0x00180025-300000.lf2  404
2026-08-15T02:44:48Z  GET https://digitalcontent.leapfrog.com/packages/0x00180025/MULT-0x00180025-900000.lf2  404
2026-08-15T02:49:50Z  GET https://digitalcontent.leapfrog.com/packages/0x00180010/MULT-0x00180010-000001.lf2  200 483 bytes
2026-08-15T02:49:51Z  GET https://digitalcontent.leapfrog.com/packages/0x00180010/MULT-0x00180010-000002.lf2  200 491 bytes
2026-08-15T02:49:52Z  GET https://digitalcontent.leapfrog.com/packages/0x00180010/MULT-0x00180010-000003.lf2  200 481 bytes
2026-08-15T02:49:52Z  GET https://digitalcontent.leapfrog.com/packages/0x00180010/MULT-0x00180010-000004.lf2  200 488 bytes
2026-08-15T02:49:53Z  GET https://digitalcontent.leapfrog.com/packages/0x00180010/MULT-0x00180010-000005.lf2  200 485 bytes
2026-08-15T02:49:54Z  GET https://digitalcontent.leapfrog.com/packages/0x00180010/MULT-0x00180010-000006.lf2  200 483 bytes
2026-08-15T02:49:54Z  GET https://digitalcontent.leapfrog.com/packages/0x00180010/MULT-0x00180010-000007.lf2  200 482 bytes
2026-08-15T02:49:55Z  GET https://digitalcontent.leapfrog.com/packages/0x00180010/MULT-0x00180010-000008.lf2  200 497 bytes
2026-08-15T02:49:55Z  GET https://digitalcontent.leapfrog.com/packages/0x00180010/MULT-0x00180010-000009.lf2  200 481 bytes
2026-08-15T02:49:56Z  GET https://digitalcontent.leapfrog.com/packages/0x00180010/MULT-0x00180010-000010.lf2  404
2026-08-15T02:49:57Z  GET https://digitalcontent.leapfrog.com/packages/0x00180010/MULT-0x00180010-000011.lf2  404
2026-08-15T02:49:57Z  GET https://digitalcontent.leapfrog.com/packages/0x00180010/MULT-0x00180010-000012.lf2  404
2026-08-15T02:49:58Z  GET https://digitalcontent.leapfrog.com/packages/0x00180010/MULT-0x00180010-003001.lf2  404
2026-08-15T02:49:58Z  GET https://digitalcontent.leapfrog.com/packages/0x00180010/MULT-0x00180010-004001.lf2  404
2026-08-15T02:49:59Z  GET https://digitalcontent.leapfrog.com/packages/0x00180010/MULT-0x00180010-100000.lf2  404
2026-08-15T02:49:59Z  GET https://digitalcontent.leapfrog.com/packages/0x00180010/MULT-0x00180010-200000.lf2  404
2026-08-15T02:50:00Z  GET https://digitalcontent.leapfrog.com/packages/0x00180010/MULT-0x00180010-300000.lf2  404
2026-08-15T02:50:00Z  GET https://digitalcontent.leapfrog.com/packages/0x00180010/MULT-0x00180010-900000.lf2  404
2026-08-15T02:50:01Z  GET https://digitalcontent.leapfrog.com/packages/0x00180010/MULT-0x00180010-999999.lf2  200 387 bytes
2026-08-15T02:51:16Z  GET https://digitalcontent.leapfrog.com/packages/0x00180010/MULT-0x00180010-000010.lf2  404
2026-08-15T02:51:17Z  GET https://digitalcontent.leapfrog.com/packages/0x00180010/MULT-0x00180010-000011.lf2  404
2026-08-15T02:51:17Z  GET https://digitalcontent.leapfrog.com/packages/0x00180010/MULT-0x00180010-000012.lf2  404
2026-08-15T02:51:18Z  GET https://digitalcontent.leapfrog.com/packages/0x00180010/MULT-0x00180010-003001.lf2  404
2026-08-15T02:51:18Z  GET https://digitalcontent.leapfrog.com/packages/0x00180010/MULT-0x00180010-004001.lf2  404
2026-08-15T02:51:19Z  GET https://digitalcontent.leapfrog.com/packages/0x00180010/MULT-0x00180010-100000.lf2  404
2026-08-15T02:51:20Z  GET https://digitalcontent.leapfrog.com/packages/0x00180010/MULT-0x00180010-200000.lf2  404
2026-08-15T02:51:20Z  GET https://digitalcontent.leapfrog.com/packages/0x00180010/MULT-0x00180010-300000.lf2  404
2026-08-15T02:51:21Z  GET https://digitalcontent.leapfrog.com/packages/0x00180010/MULT-0x00180010-900000.lf2  404
2026-08-15T05:13:25Z  GET https://digitalcontent.leapfrog.com/packages/0x0024001D/MULT-0x0024001D-000001.lf2  404
2026-08-15T05:13:26Z  GET https://digitalcontent.leapfrog.com/packages/0x0024001D/MULT-0x0024001D-003001.lf2  404
2026-08-15T05:13:26Z  GET https://digitalcontent.leapfrog.com/packages/0x0024001D/MULT-0x0024001D-004001.lf2  404
2026-08-15T05:13:27Z  GET https://digitalcontent.leapfrog.com/packages/0x0024001D/MULT-0x0024001D-100000.lf2  404
2026-08-15T05:13:27Z  GET https://digitalcontent.leapfrog.com/packages/0x0024001D/MULT-0x0024001D-200000.lf2  404
2026-08-15T05:13:28Z  GET https://digitalcontent.leapfrog.com/packages/0x0024001D/MULT-0x0024001D-300000.lf2  404
2026-08-15T05:13:28Z  GET https://digitalcontent.leapfrog.com/packages/0x0024001D/MULT-0x0024001D-900000.lf2  404
2026-08-15T05:13:29Z  GET https://digitalcontent.leapfrog.com/packages/0x0024001D/MULT-0x0024001D-999999.lf2  200 390 bytes
